Cannot perform matrix multiplication
Unrecognized command
Unrecognized command
Unrecognized command
Unrecognized command
Unrecognized command
Unrecognized command
3 3
Power should be positive
7461 2006 6558 
7782 2050 6325 
8103 2094 6092 
3 3
